// Jest Snapshot v1, https://goo.gl/fbAQLP

exports[`Card Component RENDER_VALIDATION 1`] = `
"<div className=\\"card\\">
  <div className=\\"card-header\\">
    <h5 className=\\"card-title\\">
      Test
    </h5>
    <p className=\\"card-category\\">
      Description
    </p>
  </div>
  <div className=\\"card-body\\">
    <p className=\\"pTest\\">
      Lorem ipsum dolor sit amet, consectetur adipiscing elit. Vivamus felis ante, accumsan nec lacus hendrerit, mollis cursus orci. Sed sit amet hendrerit libero. Nunc sollicitudin purus urna, et vehicula sem tempus eu. Morbi sit amet dolor efficitur nisi efficitur vulputate. Donec in diam dolor. Interdum et malesuada fames ac ante ipsum primis in faucibus. Donec venenatis mi augue, vitae sagittis diam accumsan sed. Pellentesque rhoncus nec urna nec pellentesque. Quisque posuere lectus est, eget pulvinar tortor tristique ut. Fusce non justo neque. Proin nec tellus dapibus, vestibulum lectus quis, gravida sapien.
    </p>
  </div>
  <div className=\\"card-body\\">
    <p className=\\"footerTest\\">
      Lorem ipsum dolor sit amet, consectetur adipiscing elit. Vivamus felis ante, accumsan nec lacus hendrerit, mollis cursus orci. Sed sit amet hendrerit libero. Nunc sollicitudin purus urna, et vehicula sem tempus eu. Morbi sit amet dolor efficitur nisi efficitur vulputate. Donec in diam dolor. Interdum et malesuada fames ac ante ipsum primis in faucibus. Donec venenatis mi augue, vitae sagittis diam accumsan sed. Pellentesque rhoncus nec urna nec pellentesque. Quisque posuere lectus est, eget pulvinar tortor tristique ut. Fusce non justo neque. Proin nec tellus dapibus, vestibulum lectus quis, gravida sapien.
    </p>
  </div>
</div>"
`;
